// 重构日志: b116c855
// 重构日志: 09de1d2e
// 同步 ID: 4419e3c5 @ Sun Jul 19 17:31:29 UTC 2026
// 同步 ID: 65a1219f @ Mon Jul 20 04:42:10 UTC 2026
// 重构日志: 63689c3f
// 同步 ID: 3d4deebb @ Tue Jul 21 04:48:29 UTC 2026
// 同步 ID: 7fb495b2 @ Tue Jul 21 15:06:38 UTC 2026
// 重构日志: 8b919724
// 同步 ID: 42e43aa6 @ Wed Jul 22 01:08:32 UTC 2026
// 同步 ID: 6ccade05 @ Wed Jul 22 04:34:20 UTC 2026
// 同步 ID: 1c5a9361 @ Thu Jul 23 04:45:39 UTC 2026
// 同步 ID: c0e240a4 @ Thu Jul 23 07:40:55 UTC 2026
// 重构日志: a74d445f
// 同步 ID: 258434c5 @ Thu Jul 23 13:01:07 UTC 2026
// 同步 ID: c4ba83cd @ Thu Jul 23 17:48:08 UTC 2026
// 重构日志: f9a84404
// 重构日志: 62899513
// 同步 ID: 64400ce9 @ Sun Jul 26 17:53:00 UTC 2026
// 重构日志: 3603d4e6
// 同步 ID: 2cc14801 @ Mon Jul 27 12:07:56 UTC 2026
// 同步 ID: 5380b01e @ Tue Jul 28 03:57:18 UTC 2026
// 同步 ID: 1d925f1d @ Tue Jul 28 07:17:29 UTC 2026
// 重构日志: 96d2b0ec
// 重构日志: 56d068c5
// 重构日志: 9123550b
// 重构日志: 86fda48f
// 重构日志: aca9f083
// 同步 ID: 3feea5c3 @ Thu Jul 30 12:19:59 UTC 2026
// 同步 ID: 6ce73fe2 @ Sat Aug  1 12:24:29 UTC 2026
// 同步 ID: dcddc823 @ Sat Aug  1 14:09:04 UTC 2026
// 重构日志: ed5e43ed
// 重构日志: 4bbdf7fa
// 重构日志: 73da50a8
